#! /opt/homebrew/Cellar/icarus-verilog/12.0/bin/vvp
:ivl_version "12.0 (stable)";
:ivl_delay_selection "TYPICAL";
:vpi_time_precision - 12;
:vpi_module "/opt/homebrew/Cellar/icarus-verilog/12.0/lib/ivl/system.vpi";
:vpi_module "/opt/homebrew/Cellar/icarus-verilog/12.0/lib/ivl/vhdl_sys.vpi";
:vpi_module "/opt/homebrew/Cellar/icarus-verilog/12.0/lib/ivl/vhdl_textio.vpi";
:vpi_module "/opt/homebrew/Cellar/icarus-verilog/12.0/lib/ivl/v2005_math.vpi";
:vpi_module "/opt/homebrew/Cellar/icarus-verilog/12.0/lib/ivl/va_math.vpi";
S_0x158604d50 .scope module, "datadriver_tb" "datadriver_tb" 2 2;
 .timescale -9 -12;
P_0x600001871740 .param/l "width" 1 2 3, +C4<00000000000000000000000000001000>;
v0x600003f741b0_0 .var "d_en_tb", 0 0;
v0x600003f74240_0 .var "din_tb", 7 0;
v0x600003f742d0_0 .net "dout_tb", 7 0, v0x600003f74120_0;  1 drivers
S_0x158604ec0 .scope module, "DUT" "datadriver" 2 8, 3 2 0, S_0x158604d50;
 .timescale -9 -12;
    .port_info 0 /INPUT 8 "din";
    .port_info 1 /INPUT 1 "d_en";
    .port_info 2 /OUTPUT 8 "dout";
P_0x6000018717c0 .param/l "width" 0 3 2, +C4<00000000000000000000000000001000>;
v0x600003f74000_0 .net "d_en", 0 0, v0x600003f741b0_0;  1 drivers
v0x600003f74090_0 .net "din", 7 0, v0x600003f74240_0;  1 drivers
v0x600003f74120_0 .var "dout", 7 0;
E_0x600001871840 .event anyedge, v0x600003f74000_0, v0x600003f74090_0;
    .scope S_0x158604ec0;
T_0 ;
    %wait E_0x600001871840;
    %load/vec4 v0x600003f74000_0;
    %cmpi/e 1, 0, 1;
    %jmp/0xz  T_0.0, 4;
    %load/vec4 v0x600003f74090_0;
    %store/vec4 v0x600003f74120_0, 0, 8;
    %jmp T_0.1;
T_0.0 ;
    %pushi/vec4 255, 255, 8;
    %store/vec4 v0x600003f74120_0, 0, 8;
T_0.1 ;
    %jmp T_0;
    .thread T_0, $push;
    .scope S_0x158604d50;
T_1 ;
    %vpi_call 2 15 "$dumpfile", "sim.vcd" {0 0 0};
    %vpi_call 2 16 "$dumpvars", 32'sb00000000000000000000000000000000, S_0x158604d50 {0 0 0};
    %vpi_call 2 17 "$monitor", "Time = %0t | d_en = %b | din = %b | dout = %b", $time, v0x600003f741b0_0, v0x600003f74240_0, v0x600003f742d0_0 {0 0 0};
    %pushi/vec4 0, 0, 1;
    %store/vec4 v0x600003f741b0_0, 0, 1;
    %pushi/vec4 0, 0, 8;
    %store/vec4 v0x600003f74240_0, 0, 8;
    %delay 10000, 0;
    %pushi/vec4 1, 0, 1;
    %store/vec4 v0x600003f741b0_0, 0, 1;
    %pushi/vec4 1, 0, 8;
    %store/vec4 v0x600003f74240_0, 0, 8;
    %delay 10000, 0;
    %pushi/vec4 0, 0, 1;
    %store/vec4 v0x600003f741b0_0, 0, 1;
    %pushi/vec4 0, 0, 8;
    %store/vec4 v0x600003f74240_0, 0, 8;
    %delay 10000, 0;
    %pushi/vec4 1, 0, 1;
    %store/vec4 v0x600003f741b0_0, 0, 1;
    %pushi/vec4 10, 0, 8;
    %store/vec4 v0x600003f74240_0, 0, 8;
    %delay 10000, 0;
    %pushi/vec4 0, 0, 1;
    %store/vec4 v0x600003f741b0_0, 0, 1;
    %pushi/vec4 0, 0, 8;
    %store/vec4 v0x600003f74240_0, 0, 8;
    %delay 10000, 0;
    %pushi/vec4 1, 0, 1;
    %store/vec4 v0x600003f741b0_0, 0, 1;
    %pushi/vec4 100, 0, 8;
    %store/vec4 v0x600003f74240_0, 0, 8;
    %delay 10000, 0;
    %vpi_call 2 24 "$finish" {0 0 0};
    %end;
    .thread T_1;
# The file index is used to find the file name in the following table.
:file_names 4;
    "N/A";
    "<interactive>";
    "bus_driver_tb.v";
    "bus_driver.v";
